Starting Backend API on port 3001...
Starting React Admin Panel on port 3000...
Systems started. Press Ctrl+C to stop.
Wait a moment, then open http://localhost:3000 for the Admin Dashboard

> admin@0.0.0 dev
> vite --host

Backend running on http://localhost:3001

  VITE v8.0.9  ready in 79 ms

  ➜  Local:   http://localhost:3000/
  ➜  Network: http://192.168.1.5:3000/
6:28:01 AM [vite] Internal server error: [postcss] It looks like you're trying to use `tailwindcss` directly as a PostCSS plugin. The PostCSS plugin has moved to a separate package, so to continue using Tailwind CSS with PostCSS you'll need to install `@tailwindcss/postcss` and update your PostCSS configuration.
  Plugin: vite:css
  File: /Volumes/Transcend, Ali 4TB/Ali/Shoe Rack/admin/src/index.css:undefined:NaN
      at ft (/Volumes/Transcend, Ali 4TB/Ali/Shoe Rack/admin/node_modules/tailwindcss/dist/lib.js:38:1643)
      at LazyResult.runOnRoot (/Volumes/Transcend, Ali 4TB/Ali/Shoe Rack/admin/node_modules/postcss/lib/lazy-result.js:361:16)
      at LazyResult.runAsync (/Volumes/Transcend, Ali 4TB/Ali/Shoe Rack/admin/node_modules/postcss/lib/lazy-result.js:290:26)
      at LazyResult.async (/Volumes/Transcend, Ali 4TB/Ali/Shoe Rack/admin/node_modules/postcss/lib/lazy-result.js:192:30)
      at LazyResult.then (/Volumes/Transcend, Ali 4TB/Ali/Shoe Rack/admin/node_modules/postcss/lib/lazy-result.js:436:17)
6:28:01 AM [vite] (client) Pre-transform error: [postcss] It looks like you're trying to use `tailwindcss` directly as a PostCSS plugin. The PostCSS plugin has moved to a separate package, so to continue using Tailwind CSS with PostCSS you'll need to install `@tailwindcss/postcss` and update your PostCSS configuration.
  Plugin: vite:css
  File: /Volumes/Transcend, Ali 4TB/Ali/Shoe Rack/admin/src/index.css:undefined:NaN
6:28:01 AM [vite] Internal server error: [postcss] It looks like you're trying to use `tailwindcss` directly as a PostCSS plugin. The PostCSS plugin has moved to a separate package, so to continue using Tailwind CSS with PostCSS you'll need to install `@tailwindcss/postcss` and update your PostCSS configuration.
  Plugin: vite:css
  File: /Volumes/Transcend, Ali 4TB/Ali/Shoe Rack/admin/src/index.css:undefined:NaN
      at ft (/Volumes/Transcend, Ali 4TB/Ali/Shoe Rack/admin/node_modules/tailwindcss/dist/lib.js:38:1643)
      at LazyResult.runOnRoot (/Volumes/Transcend, Ali 4TB/Ali/Shoe Rack/admin/node_modules/postcss/lib/lazy-result.js:361:16)
      at LazyResult.runAsync (/Volumes/Transcend, Ali 4TB/Ali/Shoe Rack/admin/node_modules/postcss/lib/lazy-result.js:290:26)
      at LazyResult.async (/Volumes/Transcend, Ali 4TB/Ali/Shoe Rack/admin/node_modules/postcss/lib/lazy-result.js:192:30)
      at LazyResult.then (/Volumes/Transcend, Ali 4TB/Ali/Shoe Rack/admin/node_modules/postcss/lib/lazy-result.js:436:17)
6:28:23 AM [vite] Internal server error: [postcss] It looks like you're trying to use `tailwindcss` directly as a PostCSS plugin. The PostCSS plugin has moved to a separate package, so to continue using Tailwind CSS with PostCSS you'll need to install `@tailwindcss/postcss` and update your PostCSS configuration.
  Plugin: vite:css
  File: /Volumes/Transcend, Ali 4TB/Ali/Shoe Rack/admin/src/index.css:undefined:NaN
      at ft (/Volumes/Transcend, Ali 4TB/Ali/Shoe Rack/admin/node_modules/tailwindcss/dist/lib.js:38:1643)
      at LazyResult.runOnRoot (/Volumes/Transcend, Ali 4TB/Ali/Shoe Rack/admin/node_modules/postcss/lib/lazy-result.js:361:16)
      at LazyResult.runAsync (/Volumes/Transcend, Ali 4TB/Ali/Shoe Rack/admin/node_modules/postcss/lib/lazy-result.js:290:26)
      at LazyResult.async (/Volumes/Transcend, Ali 4TB/Ali/Shoe Rack/admin/node_modules/postcss/lib/lazy-result.js:192:30)
      at LazyResult.then (/Volumes/Transcend, Ali 4TB/Ali/Shoe Rack/admin/node_modules/postcss/lib/lazy-result.js:436:17)
6:28:23 AM [vite] Internal server error: [postcss] It looks like you're trying to use `tailwindcss` directly as a PostCSS plugin. The PostCSS plugin has moved to a separate package, so to continue using Tailwind CSS with PostCSS you'll need to install `@tailwindcss/postcss` and update your PostCSS configuration.
  Plugin: vite:css
  File: /Volumes/Transcend, Ali 4TB/Ali/Shoe Rack/admin/src/index.css:undefined:NaN
      at ft (/Volumes/Transcend, Ali 4TB/Ali/Shoe Rack/admin/node_modules/tailwindcss/dist/lib.js:38:1643)
      at LazyResult.runOnRoot (/Volumes/Transcend, Ali 4TB/Ali/Shoe Rack/admin/node_modules/postcss/lib/lazy-result.js:361:16)
      at LazyResult.runAsync (/Volumes/Transcend, Ali 4TB/Ali/Shoe Rack/admin/node_modules/postcss/lib/lazy-result.js:290:26)
      at LazyResult.async (/Volumes/Transcend, Ali 4TB/Ali/Shoe Rack/admin/node_modules/postcss/lib/lazy-result.js:192:30)
      at LazyResult.then (/Volumes/Transcend, Ali 4TB/Ali/Shoe Rack/admin/node_modules/postcss/lib/lazy-result.js:436:17)
6:28:24 AM [vite] Internal server error: [postcss] It looks like you're trying to use `tailwindcss` directly as a PostCSS plugin. The PostCSS plugin has moved to a separate package, so to continue using Tailwind CSS with PostCSS you'll need to install `@tailwindcss/postcss` and update your PostCSS configuration.
  Plugin: vite:css
  File: /Volumes/Transcend, Ali 4TB/Ali/Shoe Rack/admin/src/index.css:undefined:NaN
      at ft (/Volumes/Transcend, Ali 4TB/Ali/Shoe Rack/admin/node_modules/tailwindcss/dist/lib.js:38:1643)
      at LazyResult.runOnRoot (/Volumes/Transcend, Ali 4TB/Ali/Shoe Rack/admin/node_modules/postcss/lib/lazy-result.js:361:16)
      at LazyResult.runAsync (/Volumes/Transcend, Ali 4TB/Ali/Shoe Rack/admin/node_modules/postcss/lib/lazy-result.js:290:26)
      at LazyResult.async (/Volumes/Transcend, Ali 4TB/Ali/Shoe Rack/admin/node_modules/postcss/lib/lazy-result.js:192:30)
      at LazyResult.then (/Volumes/Transcend, Ali 4TB/Ali/Shoe Rack/admin/node_modules/postcss/lib/lazy-result.js:436:17)
6:28:24 AM [vite] Internal server error: [postcss] It looks like you're trying to use `tailwindcss` directly as a PostCSS plugin. The PostCSS plugin has moved to a separate package, so to continue using Tailwind CSS with PostCSS you'll need to install `@tailwindcss/postcss` and update your PostCSS configuration.
  Plugin: vite:css
  File: /Volumes/Transcend, Ali 4TB/Ali/Shoe Rack/admin/src/index.css:undefined:NaN
      at ft (/Volumes/Transcend, Ali 4TB/Ali/Shoe Rack/admin/node_modules/tailwindcss/dist/lib.js:38:1643)
      at LazyResult.runOnRoot (/Volumes/Transcend, Ali 4TB/Ali/Shoe Rack/admin/node_modules/postcss/lib/lazy-result.js:361:16)
      at LazyResult.runAsync (/Volumes/Transcend, Ali 4TB/Ali/Shoe Rack/admin/node_modules/postcss/lib/lazy-result.js:290:26)
      at LazyResult.async (/Volumes/Transcend, Ali 4TB/Ali/Shoe Rack/admin/node_modules/postcss/lib/lazy-result.js:192:30)
      at LazyResult.then (/Volumes/Transcend, Ali 4TB/Ali/Shoe Rack/admin/node_modules/postcss/lib/lazy-result.js:436:17)
6:28:24 AM [vite] Internal server error: [postcss] It looks like you're trying to use `tailwindcss` directly as a PostCSS plugin. The PostCSS plugin has moved to a separate package, so to continue using Tailwind CSS with PostCSS you'll need to install `@tailwindcss/postcss` and update your PostCSS configuration.
  Plugin: vite:css
  File: /Volumes/Transcend, Ali 4TB/Ali/Shoe Rack/admin/src/index.css:undefined:NaN
      at ft (/Volumes/Transcend, Ali 4TB/Ali/Shoe Rack/admin/node_modules/tailwindcss/dist/lib.js:38:1643)
      at LazyResult.runOnRoot (/Volumes/Transcend, Ali 4TB/Ali/Shoe Rack/admin/node_modules/postcss/lib/lazy-result.js:361:16)
      at LazyResult.runAsync (/Volumes/Transcend, Ali 4TB/Ali/Shoe Rack/admin/node_modules/postcss/lib/lazy-result.js:290:26)
      at LazyResult.async (/Volumes/Transcend, Ali 4TB/Ali/Shoe Rack/admin/node_modules/postcss/lib/lazy-result.js:192:30)
      at LazyResult.then (/Volumes/Transcend, Ali 4TB/Ali/Shoe Rack/admin/node_modules/postcss/lib/lazy-result.js:436:17)
6:28:24 AM [vite] Internal server error: [postcss] It looks like you're trying to use `tailwindcss` directly as a PostCSS plugin. The PostCSS plugin has moved to a separate package, so to continue using Tailwind CSS with PostCSS you'll need to install `@tailwindcss/postcss` and update your PostCSS configuration.
  Plugin: vite:css
  File: /Volumes/Transcend, Ali 4TB/Ali/Shoe Rack/admin/src/index.css:undefined:NaN
      at ft (/Volumes/Transcend, Ali 4TB/Ali/Shoe Rack/admin/node_modules/tailwindcss/dist/lib.js:38:1643)
      at LazyResult.runOnRoot (/Volumes/Transcend, Ali 4TB/Ali/Shoe Rack/admin/node_modules/postcss/lib/lazy-result.js:361:16)
      at LazyResult.runAsync (/Volumes/Transcend, Ali 4TB/Ali/Shoe Rack/admin/node_modules/postcss/lib/lazy-result.js:290:26)
      at LazyResult.async (/Volumes/Transcend, Ali 4TB/Ali/Shoe Rack/admin/node_modules/postcss/lib/lazy-result.js:192:30)
      at LazyResult.then (/Volumes/Transcend, Ali 4TB/Ali/Shoe Rack/admin/node_modules/postcss/lib/lazy-result.js:436:17)
6:28:24 AM [vite] Internal server error: [postcss] It looks like you're trying to use `tailwindcss` directly as a PostCSS plugin. The PostCSS plugin has moved to a separate package, so to continue using Tailwind CSS with PostCSS you'll need to install `@tailwindcss/postcss` and update your PostCSS configuration.
  Plugin: vite:css
  File: /Volumes/Transcend, Ali 4TB/Ali/Shoe Rack/admin/src/index.css:undefined:NaN
      at ft (/Volumes/Transcend, Ali 4TB/Ali/Shoe Rack/admin/node_modules/tailwindcss/dist/lib.js:38:1643)
      at LazyResult.runOnRoot (/Volumes/Transcend, Ali 4TB/Ali/Shoe Rack/admin/node_modules/postcss/lib/lazy-result.js:361:16)
      at LazyResult.runAsync (/Volumes/Transcend, Ali 4TB/Ali/Shoe Rack/admin/node_modules/postcss/lib/lazy-result.js:290:26)
      at LazyResult.async (/Volumes/Transcend, Ali 4TB/Ali/Shoe Rack/admin/node_modules/postcss/lib/lazy-result.js:192:30)
      at LazyResult.then (/Volumes/Transcend, Ali 4TB/Ali/Shoe Rack/admin/node_modules/postcss/lib/lazy-result.js:436:17)
6:28:24 AM [vite] Internal server error: [postcss] It looks like you're trying to use `tailwindcss` directly as a PostCSS plugin. The PostCSS plugin has moved to a separate package, so to continue using Tailwind CSS with PostCSS you'll need to install `@tailwindcss/postcss` and update your PostCSS configuration.
  Plugin: vite:css
  File: /Volumes/Transcend, Ali 4TB/Ali/Shoe Rack/admin/src/index.css:undefined:NaN
      at ft (/Volumes/Transcend, Ali 4TB/Ali/Shoe Rack/admin/node_modules/tailwindcss/dist/lib.js:38:1643)
      at LazyResult.runOnRoot (/Volumes/Transcend, Ali 4TB/Ali/Shoe Rack/admin/node_modules/postcss/lib/lazy-result.js:361:16)
      at LazyResult.runAsync (/Volumes/Transcend, Ali 4TB/Ali/Shoe Rack/admin/node_modules/postcss/lib/lazy-result.js:290:26)
      at LazyResult.async (/Volumes/Transcend, Ali 4TB/Ali/Shoe Rack/admin/node_modules/postcss/lib/lazy-result.js:192:30)
      at LazyResult.then (/Volumes/Transcend, Ali 4TB/Ali/Shoe Rack/admin/node_modules/postcss/lib/lazy-result.js:436:17)
6:28:25 AM [vite] Internal server error: [postcss] It looks like you're trying to use `tailwindcss` directly as a PostCSS plugin. The PostCSS plugin has moved to a separate package, so to continue using Tailwind CSS with PostCSS you'll need to install `@tailwindcss/postcss` and update your PostCSS configuration.
  Plugin: vite:css
  File: /Volumes/Transcend, Ali 4TB/Ali/Shoe Rack/admin/src/index.css:undefined:NaN
      at ft (/Volumes/Transcend, Ali 4TB/Ali/Shoe Rack/admin/node_modules/tailwindcss/dist/lib.js:38:1643)
      at LazyResult.runOnRoot (/Volumes/Transcend, Ali 4TB/Ali/Shoe Rack/admin/node_modules/postcss/lib/lazy-result.js:361:16)
      at LazyResult.runAsync (/Volumes/Transcend, Ali 4TB/Ali/Shoe Rack/admin/node_modules/postcss/lib/lazy-result.js:290:26)
      at LazyResult.async (/Volumes/Transcend, Ali 4TB/Ali/Shoe Rack/admin/node_modules/postcss/lib/lazy-result.js:192:30)
      at LazyResult.then (/Volumes/Transcend, Ali 4TB/Ali/Shoe Rack/admin/node_modules/postcss/lib/lazy-result.js:436:17)
6:28:25 AM [vite] Internal server error: [postcss] It looks like you're trying to use `tailwindcss` directly as a PostCSS plugin. The PostCSS plugin has moved to a separate package, so to continue using Tailwind CSS with PostCSS you'll need to install `@tailwindcss/postcss` and update your PostCSS configuration.
  Plugin: vite:css
  File: /Volumes/Transcend, Ali 4TB/Ali/Shoe Rack/admin/src/index.css:undefined:NaN
      at ft (/Volumes/Transcend, Ali 4TB/Ali/Shoe Rack/admin/node_modules/tailwindcss/dist/lib.js:38:1643)
      at LazyResult.runOnRoot (/Volumes/Transcend, Ali 4TB/Ali/Shoe Rack/admin/node_modules/postcss/lib/lazy-result.js:361:16)
      at LazyResult.runAsync (/Volumes/Transcend, Ali 4TB/Ali/Shoe Rack/admin/node_modules/postcss/lib/lazy-result.js:290:26)
      at LazyResult.async (/Volumes/Transcend, Ali 4TB/Ali/Shoe Rack/admin/node_modules/postcss/lib/lazy-result.js:192:30)
      at LazyResult.then (/Volumes/Transcend, Ali 4TB/Ali/Shoe Rack/admin/node_modules/postcss/lib/lazy-result.js:436:17)
6:29:16 AM [vite] Internal server error: [postcss] It looks like you're trying to use `tailwindcss` directly as a PostCSS plugin. The PostCSS plugin has moved to a separate package, so to continue using Tailwind CSS with PostCSS you'll need to install `@tailwindcss/postcss` and update your PostCSS configuration.
  Plugin: vite:css
  File: /Volumes/Transcend, Ali 4TB/Ali/Shoe Rack/admin/src/index.css:undefined:NaN
      at ft (/Volumes/Transcend, Ali 4TB/Ali/Shoe Rack/admin/node_modules/tailwindcss/dist/lib.js:38:1643)
      at LazyResult.runOnRoot (/Volumes/Transcend, Ali 4TB/Ali/Shoe Rack/admin/node_modules/postcss/lib/lazy-result.js:361:16)
      at LazyResult.runAsync (/Volumes/Transcend, Ali 4TB/Ali/Shoe Rack/admin/node_modules/postcss/lib/lazy-result.js:290:26)
      at LazyResult.async (/Volumes/Transcend, Ali 4TB/Ali/Shoe Rack/admin/node_modules/postcss/lib/lazy-result.js:192:30)
      at LazyResult.then (/Volumes/Transcend, Ali 4TB/Ali/Shoe Rack/admin/node_modules/postcss/lib/lazy-result.js:436:17)
6:29:17 AM [vite] Internal server error: [postcss] It looks like you're trying to use `tailwindcss` directly as a PostCSS plugin. The PostCSS plugin has moved to a separate package, so to continue using Tailwind CSS with PostCSS you'll need to install `@tailwindcss/postcss` and update your PostCSS configuration.
  Plugin: vite:css
  File: /Volumes/Transcend, Ali 4TB/Ali/Shoe Rack/admin/src/index.css:undefined:NaN
      at ft (/Volumes/Transcend, Ali 4TB/Ali/Shoe Rack/admin/node_modules/tailwindcss/dist/lib.js:38:1643)
      at LazyResult.runOnRoot (/Volumes/Transcend, Ali 4TB/Ali/Shoe Rack/admin/node_modules/postcss/lib/lazy-result.js:361:16)
      at LazyResult.runAsync (/Volumes/Transcend, Ali 4TB/Ali/Shoe Rack/admin/node_modules/postcss/lib/lazy-result.js:290:26)
      at LazyResult.async (/Volumes/Transcend, Ali 4TB/Ali/Shoe Rack/admin/node_modules/postcss/lib/lazy-result.js:192:30)
      at LazyResult.then (/Volumes/Transcend, Ali 4TB/Ali/Shoe Rack/admin/node_modules/postcss/lib/lazy-result.js:436:17)
6:31:14 AM [vite] Internal server error: [postcss] It looks like you're trying to use `tailwindcss` directly as a PostCSS plugin. The PostCSS plugin has moved to a separate package, so to continue using Tailwind CSS with PostCSS you'll need to install `@tailwindcss/postcss` and update your PostCSS configuration.
  Plugin: vite:css
  File: /Volumes/Transcend, Ali 4TB/Ali/Shoe Rack/admin/src/index.css:undefined:NaN
      at ft (/Volumes/Transcend, Ali 4TB/Ali/Shoe Rack/admin/node_modules/tailwindcss/dist/lib.js:38:1643)
      at LazyResult.runOnRoot (/Volumes/Transcend, Ali 4TB/Ali/Shoe Rack/admin/node_modules/postcss/lib/lazy-result.js:361:16)
      at LazyResult.runAsync (/Volumes/Transcend, Ali 4TB/Ali/Shoe Rack/admin/node_modules/postcss/lib/lazy-result.js:290:26)
      at LazyResult.async (/Volumes/Transcend, Ali 4TB/Ali/Shoe Rack/admin/node_modules/postcss/lib/lazy-result.js:192:30)
      at LazyResult.then (/Volumes/Transcend, Ali 4TB/Ali/Shoe Rack/admin/node_modules/postcss/lib/lazy-result.js:436:17)
6:31:14 AM [vite] Internal server error: [postcss] It looks like you're trying to use `tailwindcss` directly as a PostCSS plugin. The PostCSS plugin has moved to a separate package, so to continue using Tailwind CSS with PostCSS you'll need to install `@tailwindcss/postcss` and update your PostCSS configuration.
  Plugin: vite:css
  File: /Volumes/Transcend, Ali 4TB/Ali/Shoe Rack/admin/src/index.css:undefined:NaN
      at ft (/Volumes/Transcend, Ali 4TB/Ali/Shoe Rack/admin/node_modules/tailwindcss/dist/lib.js:38:1643)
      at LazyResult.runOnRoot (/Volumes/Transcend, Ali 4TB/Ali/Shoe Rack/admin/node_modules/postcss/lib/lazy-result.js:361:16)
      at LazyResult.runAsync (/Volumes/Transcend, Ali 4TB/Ali/Shoe Rack/admin/node_modules/postcss/lib/lazy-result.js:290:26)
      at LazyResult.async (/Volumes/Transcend, Ali 4TB/Ali/Shoe Rack/admin/node_modules/postcss/lib/lazy-result.js:192:30)
      at LazyResult.then (/Volumes/Transcend, Ali 4TB/Ali/Shoe Rack/admin/node_modules/postcss/lib/lazy-result.js:436:17)
6:33:21 AM [vite] (client) Pre-transform error: [postcss] It looks like you're trying to use `tailwindcss` directly as a PostCSS plugin. The PostCSS plugin has moved to a separate package, so to continue using Tailwind CSS with PostCSS you'll need to install `@tailwindcss/postcss` and update your PostCSS configuration.
  Plugin: vite:css
  File: /Volumes/Transcend, Ali 4TB/Ali/Shoe Rack/admin/src/index.css:undefined:NaN
6:33:21 AM [vite] Internal server error: [postcss] It looks like you're trying to use `tailwindcss` directly as a PostCSS plugin. The PostCSS plugin has moved to a separate package, so to continue using Tailwind CSS with PostCSS you'll need to install `@tailwindcss/postcss` and update your PostCSS configuration.
  Plugin: vite:css
  File: /Volumes/Transcend, Ali 4TB/Ali/Shoe Rack/admin/src/index.css:undefined:NaN
      at ft (/Volumes/Transcend, Ali 4TB/Ali/Shoe Rack/admin/node_modules/tailwindcss/dist/lib.js:38:1643)
      at LazyResult.runOnRoot (/Volumes/Transcend, Ali 4TB/Ali/Shoe Rack/admin/node_modules/postcss/lib/lazy-result.js:361:16)
      at LazyResult.runAsync (/Volumes/Transcend, Ali 4TB/Ali/Shoe Rack/admin/node_modules/postcss/lib/lazy-result.js:290:26)
      at async runPostCSS (file:///Volumes/Transcend,%20Ali%204TB/Ali/Shoe%20Rack/admin/node_modules/vite/dist/node/chunks/node.js:21024:19)
      at async compilePostCSS (file:///Volumes/Transcend,%20Ali%204TB/Ali/Shoe%20Rack/admin/node_modules/vite/dist/node/chunks/node.js:21008:6)
      at async compileCSS (file:///Volumes/Transcend,%20Ali%204TB/Ali/Shoe%20Rack/admin/node_modules/vite/dist/node/chunks/node.js:20938:26)
      at async TransformPluginContext.handler (file:///Volumes/Transcend,%20Ali%204TB/Ali/Shoe%20Rack/admin/node_modules/vite/dist/node/chunks/node.js:20451:47)
      at async EnvironmentPluginContainer.transform (file:///Volumes/Transcend,%20Ali%204TB/Ali/Shoe%20Rack/admin/node_modules/vite/dist/node/chunks/node.js:30141:14)
      at async loadAndTransform (file:///Volumes/Transcend,%20Ali%204TB/Ali/Shoe%20Rack/admin/node_modules/vite/dist/node/chunks/node.js:24489:26)
      at async viteTransformMiddleware (file:///Volumes/Transcend,%20Ali%204TB/Ali/Shoe%20Rack/admin/node_modules/vite/dist/node/chunks/node.js:24283:20)
6:33:21 AM [vite] Internal server error: [postcss] It looks like you're trying to use `tailwindcss` directly as a PostCSS plugin. The PostCSS plugin has moved to a separate package, so to continue using Tailwind CSS with PostCSS you'll need to install `@tailwindcss/postcss` and update your PostCSS configuration.
  Plugin: vite:css
  File: /Volumes/Transcend, Ali 4TB/Ali/Shoe Rack/admin/src/index.css:undefined:NaN
      at ft (/Volumes/Transcend, Ali 4TB/Ali/Shoe Rack/admin/node_modules/tailwindcss/dist/lib.js:38:1643)
      at LazyResult.runOnRoot (/Volumes/Transcend, Ali 4TB/Ali/Shoe Rack/admin/node_modules/postcss/lib/lazy-result.js:361:16)
      at LazyResult.runAsync (/Volumes/Transcend, Ali 4TB/Ali/Shoe Rack/admin/node_modules/postcss/lib/lazy-result.js:290:26)
      at async runPostCSS (file:///Volumes/Transcend,%20Ali%204TB/Ali/Shoe%20Rack/admin/node_modules/vite/dist/node/chunks/node.js:21024:19)
      at async compilePostCSS (file:///Volumes/Transcend,%20Ali%204TB/Ali/Shoe%20Rack/admin/node_modules/vite/dist/node/chunks/node.js:21008:6)
      at async compileCSS (file:///Volumes/Transcend,%20Ali%204TB/Ali/Shoe%20Rack/admin/node_modules/vite/dist/node/chunks/node.js:20938:26)
      at async TransformPluginContext.handler (file:///Volumes/Transcend,%20Ali%204TB/Ali/Shoe%20Rack/admin/node_modules/vite/dist/node/chunks/node.js:20451:47)
      at async EnvironmentPluginContainer.transform (file:///Volumes/Transcend,%20Ali%204TB/Ali/Shoe%20Rack/admin/node_modules/vite/dist/node/chunks/node.js:30141:14)
      at async loadAndTransform (file:///Volumes/Transcend,%20Ali%204TB/Ali/Shoe%20Rack/admin/node_modules/vite/dist/node/chunks/node.js:24489:26)
      at async viteTransformMiddleware (file:///Volumes/Transcend,%20Ali%204TB/Ali/Shoe%20Rack/admin/node_modules/vite/dist/node/chunks/node.js:24283:20)
6:33:22 AM [vite] Internal server error: [postcss] It looks like you're trying to use `tailwindcss` directly as a PostCSS plugin. The PostCSS plugin has moved to a separate package, so to continue using Tailwind CSS with PostCSS you'll need to install `@tailwindcss/postcss` and update your PostCSS configuration.
  Plugin: vite:css
  File: /Volumes/Transcend, Ali 4TB/Ali/Shoe Rack/admin/src/index.css:undefined:NaN
      at ft (/Volumes/Transcend, Ali 4TB/Ali/Shoe Rack/admin/node_modules/tailwindcss/dist/lib.js:38:1643)
      at LazyResult.runOnRoot (/Volumes/Transcend, Ali 4TB/Ali/Shoe Rack/admin/node_modules/postcss/lib/lazy-result.js:361:16)
      at LazyResult.runAsync (/Volumes/Transcend, Ali 4TB/Ali/Shoe Rack/admin/node_modules/postcss/lib/lazy-result.js:290:26)
      at async runPostCSS (file:///Volumes/Transcend,%20Ali%204TB/Ali/Shoe%20Rack/admin/node_modules/vite/dist/node/chunks/node.js:21024:19)
      at async compilePostCSS (file:///Volumes/Transcend,%20Ali%204TB/Ali/Shoe%20Rack/admin/node_modules/vite/dist/node/chunks/node.js:21008:6)
      at async compileCSS (file:///Volumes/Transcend,%20Ali%204TB/Ali/Shoe%20Rack/admin/node_modules/vite/dist/node/chunks/node.js:20938:26)
      at async TransformPluginContext.handler (file:///Volumes/Transcend,%20Ali%204TB/Ali/Shoe%20Rack/admin/node_modules/vite/dist/node/chunks/node.js:20451:47)
      at async EnvironmentPluginContainer.transform (file:///Volumes/Transcend,%20Ali%204TB/Ali/Shoe%20Rack/admin/node_modules/vite/dist/node/chunks/node.js:30141:14)
      at async loadAndTransform (file:///Volumes/Transcend,%20Ali%204TB/Ali/Shoe%20Rack/admin/node_modules/vite/dist/node/chunks/node.js:24489:26)
      at async viteTransformMiddleware (file:///Volumes/Transcend,%20Ali%204TB/Ali/Shoe%20Rack/admin/node_modules/vite/dist/node/chunks/node.js:24283:20)
6:33:23 AM [vite] Internal server error: [postcss] It looks like you're trying to use `tailwindcss` directly as a PostCSS plugin. The PostCSS plugin has moved to a separate package, so to continue using Tailwind CSS with PostCSS you'll need to install `@tailwindcss/postcss` and update your PostCSS configuration.
  Plugin: vite:css
  File: /Volumes/Transcend, Ali 4TB/Ali/Shoe Rack/admin/src/index.css:undefined:NaN
      at ft (/Volumes/Transcend, Ali 4TB/Ali/Shoe Rack/admin/node_modules/tailwindcss/dist/lib.js:38:1643)
      at LazyResult.runOnRoot (/Volumes/Transcend, Ali 4TB/Ali/Shoe Rack/admin/node_modules/postcss/lib/lazy-result.js:361:16)
      at LazyResult.runAsync (/Volumes/Transcend, Ali 4TB/Ali/Shoe Rack/admin/node_modules/postcss/lib/lazy-result.js:290:26)
      at async runPostCSS (file:///Volumes/Transcend,%20Ali%204TB/Ali/Shoe%20Rack/admin/node_modules/vite/dist/node/chunks/node.js:21024:19)
      at async compilePostCSS (file:///Volumes/Transcend,%20Ali%204TB/Ali/Shoe%20Rack/admin/node_modules/vite/dist/node/chunks/node.js:21008:6)
      at async compileCSS (file:///Volumes/Transcend,%20Ali%204TB/Ali/Shoe%20Rack/admin/node_modules/vite/dist/node/chunks/node.js:20938:26)
      at async TransformPluginContext.handler (file:///Volumes/Transcend,%20Ali%204TB/Ali/Shoe%20Rack/admin/node_modules/vite/dist/node/chunks/node.js:20451:47)
      at async EnvironmentPluginContainer.transform (file:///Volumes/Transcend,%20Ali%204TB/Ali/Shoe%20Rack/admin/node_modules/vite/dist/node/chunks/node.js:30141:14)
      at async loadAndTransform (file:///Volumes/Transcend,%20Ali%204TB/Ali/Shoe%20Rack/admin/node_modules/vite/dist/node/chunks/node.js:24489:26)
      at async viteTransformMiddleware (file:///Volumes/Transcend,%20Ali%204TB/Ali/Shoe%20Rack/admin/node_modules/vite/dist/node/chunks/node.js:24283:20)
6:33:33 AM [vite] Internal server error: [postcss] It looks like you're trying to use `tailwindcss` directly as a PostCSS plugin. The PostCSS plugin has moved to a separate package, so to continue using Tailwind CSS with PostCSS you'll need to install `@tailwindcss/postcss` and update your PostCSS configuration.
  Plugin: vite:css
  File: /Volumes/Transcend, Ali 4TB/Ali/Shoe Rack/admin/src/index.css:undefined:NaN
      at ft (/Volumes/Transcend, Ali 4TB/Ali/Shoe Rack/admin/node_modules/tailwindcss/dist/lib.js:38:1643)
      at LazyResult.runOnRoot (/Volumes/Transcend, Ali 4TB/Ali/Shoe Rack/admin/node_modules/postcss/lib/lazy-result.js:361:16)
      at LazyResult.runAsync (/Volumes/Transcend, Ali 4TB/Ali/Shoe Rack/admin/node_modules/postcss/lib/lazy-result.js:290:26)
      at async runPostCSS (file:///Volumes/Transcend,%20Ali%204TB/Ali/Shoe%20Rack/admin/node_modules/vite/dist/node/chunks/node.js:21024:19)
      at async compilePostCSS (file:///Volumes/Transcend,%20Ali%204TB/Ali/Shoe%20Rack/admin/node_modules/vite/dist/node/chunks/node.js:21008:6)
      at async compileCSS (file:///Volumes/Transcend,%20Ali%204TB/Ali/Shoe%20Rack/admin/node_modules/vite/dist/node/chunks/node.js:20938:26)
      at async TransformPluginContext.handler (file:///Volumes/Transcend,%20Ali%204TB/Ali/Shoe%20Rack/admin/node_modules/vite/dist/node/chunks/node.js:20451:47)
      at async EnvironmentPluginContainer.transform (file:///Volumes/Transcend,%20Ali%204TB/Ali/Shoe%20Rack/admin/node_modules/vite/dist/node/chunks/node.js:30141:14)
      at async loadAndTransform (file:///Volumes/Transcend,%20Ali%204TB/Ali/Shoe%20Rack/admin/node_modules/vite/dist/node/chunks/node.js:24489:26)
      at async viteTransformMiddleware (file:///Volumes/Transcend,%20Ali%204TB/Ali/Shoe%20Rack/admin/node_modules/vite/dist/node/chunks/node.js:24283:20)
6:33:33 AM [vite] Internal server error: [postcss] It looks like you're trying to use `tailwindcss` directly as a PostCSS plugin. The PostCSS plugin has moved to a separate package, so to continue using Tailwind CSS with PostCSS you'll need to install `@tailwindcss/postcss` and update your PostCSS configuration.
  Plugin: vite:css
  File: /Volumes/Transcend, Ali 4TB/Ali/Shoe Rack/admin/src/index.css:undefined:NaN
      at ft (/Volumes/Transcend, Ali 4TB/Ali/Shoe Rack/admin/node_modules/tailwindcss/dist/lib.js:38:1643)
      at LazyResult.runOnRoot (/Volumes/Transcend, Ali 4TB/Ali/Shoe Rack/admin/node_modules/postcss/lib/lazy-result.js:361:16)
      at LazyResult.runAsync (/Volumes/Transcend, Ali 4TB/Ali/Shoe Rack/admin/node_modules/postcss/lib/lazy-result.js:290:26)
      at async runPostCSS (file:///Volumes/Transcend,%20Ali%204TB/Ali/Shoe%20Rack/admin/node_modules/vite/dist/node/chunks/node.js:21024:19)
      at async compilePostCSS (file:///Volumes/Transcend,%20Ali%204TB/Ali/Shoe%20Rack/admin/node_modules/vite/dist/node/chunks/node.js:21008:6)
      at async compileCSS (file:///Volumes/Transcend,%20Ali%204TB/Ali/Shoe%20Rack/admin/node_modules/vite/dist/node/chunks/node.js:20938:26)
      at async TransformPluginContext.handler (file:///Volumes/Transcend,%20Ali%204TB/Ali/Shoe%20Rack/admin/node_modules/vite/dist/node/chunks/node.js:20451:47)
      at async EnvironmentPluginContainer.transform (file:///Volumes/Transcend,%20Ali%204TB/Ali/Shoe%20Rack/admin/node_modules/vite/dist/node/chunks/node.js:30141:14)
      at async loadAndTransform (file:///Volumes/Transcend,%20Ali%204TB/Ali/Shoe%20Rack/admin/node_modules/vite/dist/node/chunks/node.js:24489:26)
      at async viteTransformMiddleware (file:///Volumes/Transcend,%20Ali%204TB/Ali/Shoe%20Rack/admin/node_modules/vite/dist/node/chunks/node.js:24283:20)
./start_admin.sh: line 7:  1884 Terminated: 15          node server.js
./start_admin.sh: line 19: kill: (1882) - No such process
./start_admin.sh: line 19: kill: (1883) - No such process
